=== Brain 1 <-> Brain 2 simulation starting — 60 simulated day(s), log: /Users/sallasujitha/WorkSpace/selfie-me/Docs/DEMO/brain1_brain2_hour_20261002_211245.log ===
Brain 1 (profile): User One — intention 'Gym', target 60 min/day, domain 'fitness'.
  [t=  30.0s] heartbeat — day 1/60, target=60min, phase=struggling, consecutive_meets=0, proposals_accepted=0
BRAIN 1 (User 1): Hey, I'm glad I was able to squeeze in 21 minutes at the gym today, felt pretty decent about getting that much in after only 21 minutes of doing nothing yesterday. Still got a long way to go to reach my goal, but small steps, right?
BRAIN 2 (ack, no model call): logged 21min vs 60min target; consecutive shortfall streak=1.
  [t=  63.9s] heartbeat — day 2/60, target=60min, phase=struggling, consecutive_meets=0, proposals_accepted=0
BRAIN 1 (User 1): Ugh, today was a disaster. Got up 15 minutes late and just couldn't get moving, only made it 9 minutes on the treadmill before I had to rush out for a meeting, feeling like I'm already behind schedule
BRAIN 2 (ack, no model call): logged 9min vs 60min target; consecutive shortfall streak=2.
  [t=  97.4s] heartbeat — day 3/60, target=60min, phase=struggling, consecutive_meets=0, proposals_accepted=0
BRAIN 1 (User 1): Hey, just got back from the gym and did 14 min on the treadmill. Not great, but I felt a bit more energized than yesterday, so that's something. Still got a long way to go to meet my 60 min goal, but I'm trying to focus on small steps today
BRAIN 2 (notices, offers support): It seems like you've been getting to the gym for just a few minutes each day for the past three days. What got in the way of making it to the gym for 60 minutes each day?
BRAIN 2 (Profile 'fitness' v1, accepted): You've been getting to the gym, but still struggling to meet your 60-minute goal. You mentioned feeling a bit more energized after a 14-minute treadmill session, which is a small step forward. It's not about beating yourself up over not meeting your target, but about focusing on progress, not perfection. One thing that might help: considering a high-intensity interval training (HIIT) format, which could potentially be as short as 15-20 minutes and still be effective for your goals.
BRAIN 1 (User 1): agrees — smaller target of 30 min/day for now.
  [t= 146.2s] heartbeat — day 4/60, target=30min, phase=renegotiated, consecutive_meets=0, proposals_accepted=1
BRAIN 1 (User 1): Hey, had a good day at the gym, finally made it past 15 minutes, did 29 minutes total. Feeling a bit better about it, but still a long way from my goal, I know.
BRAIN 2 (ack, no model call): logged 29min vs 30min target; consecutive shortfall streak=1.
  [t= 179.8s] heartbeat — day 5/60, target=30min, phase=renegotiated, consecutive_meets=0, proposals_accepted=1
BRAIN 1 (User 1): Hey, I know I was feeling a bit down about not hitting our target of 60 minutes, but I'm trying to be honest with myself and I think I made some progress today - I managed to squeeze in 37 minutes, which is 8 more than yesterday. I'm not sure if it's just the novelty wearing off or what, but it's weird how that extra 8 minutes feels like a small win.
BRAIN 2 (ack, no model call): logged 37min vs 30min target; consecutive shortfall streak=0.
  [t= 215.9s] heartbeat — day 6/60, target=30min, phase=meeting, consecutive_meets=1, proposals_accepted=1
BRAIN 1 (User 1): Hey, just made it to the gym for 36 minutes today. Still feeling pretty good about being consistent, even if I didn't quite hit my target.
BRAIN 2 (ack, no model call): logged 36min vs 30min target; consecutive shortfall streak=0.
  [t= 248.9s] heartbeat — day 7/60, target=30min, phase=meeting, consecutive_meets=2, proposals_accepted=1
BRAIN 1 (User 1): Made it to the gym today, even though I was a bit exhausted from the early morning hike on Saturday. Got a bit more time in today, 39 minutes total, feeling a bit more confident that 30 minutes is becoming a habit.
BRAIN 2 (ack, no model call): logged 39min vs 30min target; consecutive shortfall streak=0.
  [t= 282.7s] heartbeat — day 8/60, target=30min, phase=meeting, consecutive_meets=3, proposals_accepted=1
BRAIN 1 (User 1): Hey, didn't have the energy today, was feeling a bit more sluggish than usual after a late night. Felt like 27 minutes was better than nothing, so I went with it.
BRAIN 2 (ack, no model call): logged 27min vs 30min target; consecutive shortfall streak=1.
  [t= 316.0s] heartbeat — day 9/60, target=30min, phase=meeting, consecutive_meets=0, proposals_accepted=1
BRAIN 1 (User 1): Had a solid 32 min today, feeling a bit more energized than yesterday. Still working on getting back up to target, but small steps, right?
BRAIN 2 (ack, no model call): logged 32min vs 30min target; consecutive shortfall streak=0.
  [t= 349.0s] heartbeat — day 10/60, target=30min, phase=meeting, consecutive_meets=1, proposals_accepted=1
BRAIN 1 (User 1): Hey, I know I said I'd make up for yesterday, but I only managed 26 min today. I think I was just too tired after getting up early for work. Still trying to get into the swing of things, I guess.
BRAIN 2 (ack, no model call): logged 26min vs 30min target; consecutive shortfall streak=1.
  [t= 382.9s] heartbeat — day 11/60, target=30min, phase=meeting, consecutive_meets=0, proposals_accepted=1
BRAIN 1 (User 1): Felt a bit sluggish this morning, but 29 min today isn't bad considering, and it's the second day in a row I've met my target so that's a plus!
BRAIN 2 (ack, no model call): logged 29min vs 30min target; consecutive shortfall streak=2.
  [t= 416.1s] heartbeat — day 12/60, target=30min, phase=meeting, consecutive_meets=0, proposals_accepted=1
BRAIN 1 (User 1): Hey, I was worried I'd fall back into old habits, but I managed to squeeze in 33 minutes today, feels like a small win to me after struggling yesterday.
BRAIN 2 (ack, no model call): logged 33min vs 30min target; consecutive shortfall streak=0.
  [t= 449.2s] heartbeat — day 13/60, target=30min, phase=meeting, consecutive_meets=1, proposals_accepted=1
BRAIN 1 (User 1): Hey, I know I didn't hit 30 min today, only managed 26. Was feeling a bit sluggish after getting stuck in that rain on my way here, but still got in a decent session.
BRAIN 2 (ack, no model call): logged 26min vs 30min target; consecutive shortfall streak=1.
  [t= 482.7s] heartbeat — day 14/60, target=30min, phase=meeting, consecutive_meets=0, proposals_accepted=1
BRAIN 1 (User 1): Hey, made it to the gym today and managed 28 minutes on the treadmill, which is more than yesterday. I'm feeling pretty good about it, small steps and all.
BRAIN 2 (ack, no model call): logged 28min vs 30min target; consecutive shortfall streak=2.
  [t= 515.8s] heartbeat — day 15/60, target=30min, phase=meeting, consecutive_meets=0, proposals_accepted=1
BRAIN 1 (User 1): Made it to the gym today and surprised myself by sticking to 35 minutes! Still feeling pretty energized, maybe that extra 7 minutes made a difference, don't know what it'll be like tomorrow, but feeling hopeful
BRAIN 2 (ack, no model call): logged 35min vs 30min target; consecutive shortfall streak=0.
  [t= 549.5s] heartbeat — day 16/60, target=30min, phase=meeting, consecutive_meets=1, proposals_accepted=1
BRAIN 1 (User 1): Made it to the gym today, but didn't quite reach the 30 min mark, only managed 34 min. Still feeling good about the progress I've been making, and it's days like yesterday and today that remind me I'm building a sustainable habit, not just trying to rush into something.
BRAIN 2 (ack, no model call): logged 34min vs 30min target; consecutive shortfall streak=0.
  [t= 587.1s] heartbeat — day 17/60, target=30min, phase=meeting, consecutive_meets=2, proposals_accepted=1
BRAIN 1 (User 1): Hey, just got back from the gym and did 29 minutes, felt a bit sluggish today, think I was running on fumes after a late night
BRAIN 2 (ack, no model call): logged 29min vs 30min target; consecutive shortfall streak=1.
  [t= 620.0s] heartbeat — day 18/60, target=30min, phase=meeting, consecutive_meets=0, proposals_accepted=1
BRAIN 1 (User 1): Hey, had a good day at the gym today, managed to squeeze in 34 minutes, feeling pretty stoked about it. Still not at 60 yet, but small steps, right?
BRAIN 2 (ack, no model call): logged 34min vs 30min target; consecutive shortfall streak=0.
  [t= 653.2s] heartbeat — day 19/60, target=30min, phase=meeting, consecutive_meets=1, proposals_accepted=1
BRAIN 1 (User 1): Hey, I know I wasn't supposed to do 60 minutes, but I wanted to see how I'd feel after reaching 30 min for a few days in a row. Today was 38 min, felt really good, but still have a bit of energy left. Maybe I'll try to push to 40 min tomorrow?
BRAIN 2 (ack, no model call): logged 38min vs 30min target; consecutive shortfall streak=0.
  [t= 688.1s] heartbeat — day 20/60, target=30min, phase=meeting, consecutive_meets=2, proposals_accepted=1
BRAIN 1 (User 1): Just got back from the gym, had a tough day, only managed 26 minutes, but still moving forward, small steps, right? Guess I got a bit worn out from yesterday's 38 minutes, still feeling a bit fatigued, probably just need to listen to my body more.
BRAIN 2 (ack, no model call): logged 26min vs 30min target; consecutive shortfall streak=1.
  [t= 722.5s] heartbeat — day 21/60, target=30min, phase=meeting, consecutive_meets=0, proposals_accepted=1
BRAIN 1 (User 1): Hey, I'm glad I was able to push through and get in 38 minutes today, feels like a big improvement from the last few days. Finally started to feel more energized after a pretty slow morning.
BRAIN 2 (ack, no model call): logged 38min vs 30min target; consecutive shortfall streak=0.
  [t= 756.0s] heartbeat — day 22/60, target=30min, phase=meeting, consecutive_meets=1, proposals_accepted=1
BRAIN 1 (User 1): Just got back from the gym, did 36 min today. Still feeling good about the progress, yesterday was 38 min, so I'm glad I could stay on track after a slow start the day before.
BRAIN 2 (ack, no model call): logged 36min vs 30min target; consecutive shortfall streak=0.
  [t= 789.6s] heartbeat — day 23/60, target=30min, phase=meeting, consecutive_meets=2, proposals_accepted=1
BRAIN 1 (User 1): Hey, I know I was struggling to get in longer sessions last week, but today was different. I did 31 minutes, which is one minute more than my target. I'm starting to feel like I'm getting back on track, especially after yesterday's 36 minutes. The morning sun and a quiet gym helped me stay focused.
BRAIN 2 (ack, no model call): logged 31min vs 30min target; consecutive shortfall streak=0.
  [t= 824.5s] heartbeat — day 24/60, target=30min, phase=meeting, consecutive_meets=3, proposals_accepted=1
BRAIN 1 (User 1): Hey, had a pretty average day at the gym today. Did 28 minutes, not as much as I've been doing, but still feeling pretty good about the consistency.
BRAIN 2 (ack, no model call): logged 28min vs 30min target; consecutive shortfall streak=1.
  [t= 858.6s] heartbeat — day 25/60, target=30min, phase=meeting, consecutive_meets=0, proposals_accepted=1
BRAIN 1 (User 1): Hey, just made it to the gym for 40 minutes today. Felt really strong and had more energy than the past few days, think I'm getting back into the zone!
BRAIN 2 (ack, no model call): logged 40min vs 30min target; consecutive shortfall streak=0.
  [t= 892.0s] heartbeat — day 26/60, target=30min, phase=meeting, consecutive_meets=1, proposals_accepted=1
BRAIN 1 (User 1): Hey, just made it to the gym for 31 minutes today, still a bit short of 30, but I'm feeling more consistent. Had a tough morning but managed to push through, I think today's extra 3 minutes over my target is a small win.
BRAIN 2 (ack, no model call): logged 31min vs 30min target; consecutive shortfall streak=0.
  [t= 926.1s] heartbeat — day 27/60, target=30min, phase=meeting, consecutive_meets=2, proposals_accepted=1
BRAIN 1 (User 1): Hey, I had a decent day at the gym today, got in 27 minutes, which is a bit of a drop from yesterday, but I'm not beating myself up over it. I think I was just feeling a bit sluggish this morning and didn't have the same energy I had yesterday.
BRAIN 2 (ack, no model call): logged 27min vs 30min target; consecutive shortfall streak=1.
  [t= 960.7s] heartbeat — day 28/60, target=30min, phase=meeting, consecutive_meets=0, proposals_accepted=1
BRAIN 1 (User 1): Just got back from the gym and I'm actually feeling really proud of myself for sticking to 27 minutes for the second day in a row. I think I'm finally starting to get into a rhythm, and it's amazing how much of a difference those extra minutes are making already.
BRAIN 2 (ack, no model call): logged 27min vs 30min target; consecutive shortfall streak=2.
  [t= 995.0s] heartbeat — day 29/60, target=30min, phase=meeting, consecutive_meets=0, proposals_accepted=1
BRAIN 1 (User 1): Hey, I know I've been struggling to hit 60 minutes consistently, but today was a breakthrough - I actually got in 38 minutes and I'm feeling really good about it. I think I'm starting to understand that it's not about reaching the goal, but about making progress, you know? Small steps, right?
BRAIN 2 (ack, no model call): logged 38min vs 30min target; consecutive shortfall streak=0.
  [t=1029.8s] heartbeat — day 30/60, target=30min, phase=meeting, consecutive_meets=1, proposals_accepted=1
BRAIN 1 (User 1): Went to the gym today and got in 35 minutes. Feeling pretty good about it, was a bit tired but remembered that even 35 is a step forward.
BRAIN 2 (ack, no model call): logged 35min vs 30min target; consecutive shortfall streak=0.
  [t=1062.8s] heartbeat — day 31/60, target=30min, phase=meeting, consecutive_meets=2, proposals_accepted=1
BRAIN 1 (User 1): Made it to the gym today and managed 38 minutes, feeling pretty pumped about consistently beating my target for the past few days. Had to push through a tough set on the treadmill, but that just added to the sense of accomplishment
BRAIN 2 (ack, no model call): logged 38min vs 30min target; consecutive shortfall streak=0.
  [t=1096.5s] heartbeat — day 32/60, target=30min, phase=meeting, consecutive_meets=3, proposals_accepted=1
BRAIN 1 (User 1): Hey, got to the gym today and crushed 36 minutes on the treadmill. Feeling pretty good about being back on track after a few slower days.
BRAIN 2 (ack, no model call): logged 36min vs 30min target; consecutive shortfall streak=0.
  [t=1129.3s] heartbeat — day 33/60, target=30min, phase=meeting, consecutive_meets=4, proposals_accepted=1
BRAIN 1 (User 1): Got to the gym today, 34 minutes on the treadmill. Still feeling good about the progress, even though it's not back to 36 minutes like yesterday.
BRAIN 2 (ack, no model call): logged 34min vs 30min target; consecutive shortfall streak=0.
BRAIN 2 (Profile 'fitness' v2, accepted): You're still hitting the gym regularly, which is a great sign. You're also tracking your progress, noticing the small improvements, and feeling good about them. One thing that might help: considering periodization, a training technique that involves alternating periods of intense training with lighter training to allow for recovery and minimize plateaus, could potentially help you stay on track and avoid burnout.
BRAIN 1 (User 1): feeling ready for more — raises target to 45 min/day.
  [t=1172.8s] heartbeat — day 34/60, target=45min, phase=pushing, consecutive_meets=0, proposals_accepted=2
BRAIN 1 (User 1): Hey, today was a good day - I finally hit my 60 min target! Felt strong and energized afterwards, and I was actually looking forward to going in. Must've been the motivation talking, because I usually dread mornings.
BRAIN 2 (ack, no model call): logged 60min vs 45min target; consecutive shortfall streak=0.
  [t=1207.2s] heartbeat — day 35/60, target=45min, phase=pushing, consecutive_meets=1, proposals_accepted=2
BRAIN 1 (User 1): Hey, just made it to the gym for 47 min today. Still feeling a bit fatigued from the 60 min yesterday, but I managed to push through. Not quite there yet, but getting closer to hitting 45 min target I've been thinking about raising.
BRAIN 2 (ack, no model call): logged 47min vs 45min target; consecutive shortfall streak=0.
  [t=1241.4s] heartbeat — day 36/60, target=45min, phase=pushing, consecutive_meets=2, proposals_accepted=2
BRAIN 1 (User 1): Hey, just hit 51 min today, felt really good, had to dig deep to get past the 40 min mark, but I'm glad I did, I think I'm starting to realize I can push past my old limits
BRAIN 2 (ack, no model call): logged 51min vs 45min target; consecutive shortfall streak=0.
  [t=1277.2s] heartbeat — day 37/60, target=45min, phase=pushing, consecutive_meets=3, proposals_accepted=2
BRAIN 1 (User 1): Hey, don't worry about yesterday, I got back on track today - hit 57 minutes at the gym, feeling more focused and my legs are still sore from last weekend's 17 km cycling ride. Ready to keep pushing past 45 minutes now.
BRAIN 2 (ack, no model call): logged 57min vs 45min target; consecutive shortfall streak=0.
  [t=1311.2s] heartbeat — day 38/60, target=45min, phase=pushing, consecutive_meets=4, proposals_accepted=2
BRAIN 1 (User 1): Had a bit of a struggle getting to the gym today, but I managed 52 minutes on the treadmill. Felt like my legs were heavier than usual, probably from the 20 miles I cycled on Saturday, so I cut my session short.
BRAIN 2 (ack, no model call): logged 52min vs 45min target; consecutive shortfall streak=0.
BRAIN 2 (Profile 'fitness' v3, accepted): You're still managing to hit the gym regularly, but it sounds like you're not quite meeting your 45-minute goal. Your recent cycle ride and its lingering effects on your legs suggest that you may need to pay closer attention to your recovery time and maybe adjust your gym schedule accordingly. One thing that might help: incorporating interval training into your cardio workouts could be a good way to mix things up and see if it helps you stay on track.
BRAIN 1 (User 1): feeling ready for more — raises target to 60 min/day.
  [t=1356.1s] heartbeat — day 39/60, target=60min, phase=pushing, consecutive_meets=0, proposals_accepted=3
BRAIN 1 (User 1): Hey, had a great workout today, 77 minutes on the treadmill and some weights. I was feeling a bit more energized today, think the extra rest yesterday helped.
BRAIN 2 (ack, no model call): logged 77min vs 60min target; consecutive shortfall streak=0.
  [t=1394.0s] heartbeat — day 40/60, target=60min, phase=pushing, consecutive_meets=1, proposals_accepted=3
BRAIN 1 (User 1): Hey, just got back from the gym, did 68 minutes today. Not as strong as yesterday, but still feeling good about the consistency. Want to talk about the day?
BRAIN 2 (ack, no model call): logged 68min vs 60min target; consecutive shortfall streak=0.
  [t=1427.6s] heartbeat — day 41/60, target=60min, phase=pushing, consecutive_meets=2, proposals_accepted=3
BRAIN 1 (User 1): Hey, today was a great day - I crushed my goal and hit 72 minutes, feeling strong and energized after my yoga class and weightlifting session. Glad I was able to bounce back from yesterday's 68 minutes and keep pushing forward!
BRAIN 2 (ack, no model call): logged 72min vs 60min target; consecutive shortfall streak=0.
  [t=1461.9s] heartbeat — day 42/60, target=60min, phase=pushing, consecutive_meets=3, proposals_accepted=3
BRAIN 1 (User 1): Hey, didn't feel as energized as I have been lately, but still managed to get a decent workout in. Felt like my legs were heavy today, probably just need to refuel better for the session
BRAIN 2 (ack, no model call): logged 52min vs 60min target; consecutive shortfall streak=1.
  [t=1495.4s] heartbeat — day 43/60, target=60min, phase=pushing, consecutive_meets=0, proposals_accepted=3
BRAIN 1 (User 1): Day 43: did 58 of my 60 min target — ready to push a bit further.
BRAIN 2 (ack, no model call): logged 58min vs 60min target; consecutive shortfall streak=2.
  [t=1525.4s] heartbeat — day 44/60, target=60min, phase=pushing, consecutive_meets=0, proposals_accepted=3
BRAIN 1 (User 1): Hey, finally made it to 60 min today. Needed a bit of motivation from that small win yesterday, I guess!
BRAIN 2 (ack, no model call): logged 60min vs 60min target; consecutive shortfall streak=0.
  [t=1558.0s] heartbeat — day 45/60, target=60min, phase=pushing, consecutive_meets=1, proposals_accepted=3
BRAIN 1 (User 1): Hey, I know I was hoping to hit 60 min today but got stuck at 53. Felt pretty good, though - did a tough leg day and pushed through some exhaustion, which I guess is a small win?
BRAIN 2 (ack, no model call): logged 53min vs 60min target; consecutive shortfall streak=1.
  [t=1591.9s] heartbeat — day 46/60, target=60min, phase=pushing, consecutive_meets=0, proposals_accepted=3
BRAIN 1 (User 1): Hey, I'm glad I was able to get back on track today, 58 minutes felt like a good challenge after yesterday's 53 minutes, but I have to admit I was a bit distracted by the news that the Barton Springs Pools are opening this weekend, now I'm thinking of planning a ride there on Saturday
BRAIN 2 (ack, no model call): logged 58min vs 60min target; consecutive shortfall streak=2.
  [t=1626.5s] heartbeat — day 47/60, target=60min, phase=pushing, consecutive_meets=0, proposals_accepted=3
BRAIN 1 (User 1): Hey, I know I said I was feeling good about raising my target to 60 min/day, but today was a tough one - I got stuck in traffic on the way home and ended up short 6 minutes. Still, I'm not giving up on that 60 min goal, I'm just going to try to get to the gym a bit earlier tomorrow.
BRAIN 2 (notices, offers support): The pattern seems to be consistently falling short on weekends, which is 2-3 days when you're not reaching the 60-minute target.
BRAIN 2 (Profile 'fitness' v4, accepted): You've hit a few days short of your 60-minute target, with the weekends seeming to be the most challenging. Your current strategy of trying to get to the gym earlier might help, but it's worth exploring other factors, like the impact of your recent cycle ride on your recovery time and potential adjustments to your schedule.
BRAIN 1 (User 1): agrees — smaller target of 30 min/day for now.
  [t=1682.1s] heartbeat — day 48/60, target=30min, phase=renegotiated, consecutive_meets=0, proposals_accepted=4
BRAIN 1 (User 1): Made it back on track today, only went 30 min at the gym, but feeling more in sync with the smaller goal now that it's the new norm
BRAIN 2 (ack, no model call): logged 30min vs 30min target; consecutive shortfall streak=0.
  [t=1715.2s] heartbeat — day 49/60, target=30min, phase=meeting, consecutive_meets=1, proposals_accepted=4
BRAIN 1 (User 1): Just made it to 35 minutes today, feeling pretty energized after the warm-up, even managed to squeeze in a few extra exercises before wrapping up.
BRAIN 2 (ack, no model call): logged 35min vs 30min target; consecutive shortfall streak=0.
  [t=1747.9s] heartbeat — day 50/60, target=30min, phase=meeting, consecutive_meets=2, proposals_accepted=4
BRAIN 1 (User 1): Made it 31 min today, feeling pretty solid about it. Still getting those extra 4 min in on the weekdays is a nice bonus
BRAIN 2 (ack, no model call): logged 31min vs 30min target; consecutive shortfall streak=0.
  [t=1780.5s] heartbeat — day 51/60, target=30min, phase=meeting, consecutive_meets=3, proposals_accepted=4
BRAIN 1 (User 1): Just made it back to 31 min today, feeling pretty steady and didn't struggle to get through it. Glad I could get out of bed a bit earlier and make it to the gym before the morning rush.
BRAIN 2 (ack, no model call): logged 31min vs 30min target; consecutive shortfall streak=0.
  [t=1813.8s] heartbeat — day 52/60, target=30min, phase=meeting, consecutive_meets=4, proposals_accepted=4
BRAIN 1 (User 1): Hey, had a solid day at the gym today, 29 min is still a win in my book. Definitely feeling the morning fatigue, but that's just part of the process, right?
BRAIN 2 (ack, no model call): logged 29min vs 30min target; consecutive shortfall streak=1.
  [t=1846.9s] heartbeat — day 53/60, target=30min, phase=meeting, consecutive_meets=0, proposals_accepted=4
BRAIN 1 (User 1): Finally made it to 30 minutes today, feeling pretty good about it after yesterday's 29 min. It was a great morning to be outside for my session too.
BRAIN 2 (ack, no model call): logged 30min vs 30min target; consecutive shortfall streak=0.
  [t=1883.0s] heartbeat — day 54/60, target=30min, phase=meeting, consecutive_meets=1, proposals_accepted=4
BRAIN 1 (User 1): Hey, just got back from the gym and crushed 40 minutes today. Felt really energized after my 30 minutes was no longer feeling like a chore, so I decided to push myself a bit harder. Maybe I'm finally getting the hang of this.
BRAIN 2 (ack, no model call): logged 40min vs 30min target; consecutive shortfall streak=0.
  [t=1916.9s] heartbeat — day 55/60, target=30min, phase=meeting, consecutive_meets=2, proposals_accepted=4
BRAIN 1 (User 1): Hey, had a good day in the gym today, got back on track after yesterday's boost - managed 35 minutes, feeling stronger and more focused, small steps still moving me forward, as always
BRAIN 2 (ack, no model call): logged 35min vs 30min target; consecutive shortfall streak=0.
  [t=1950.0s] heartbeat — day 56/60, target=30min, phase=meeting, consecutive_meets=3, proposals_accepted=4
BRAIN 1 (User 1): Just got out of the gym, 35 min done, feeling pretty good about it, didn't even feel like doing it today but made myself get through it.
BRAIN 2 (ack, no model call): logged 35min vs 30min target; consecutive shortfall streak=0.
  [t=1982.8s] heartbeat — day 57/60, target=30min, phase=meeting, consecutive_meets=4, proposals_accepted=4
BRAIN 1 (User 1): Went a bit light on the mat today, got stuck on a long call at work and lost focus, but still feeling good about the streak, 28 min isn't terrible, right?
BRAIN 2 (ack, no model call): logged 28min vs 30min target; consecutive shortfall streak=1.
  [t=2016.0s] heartbeat — day 58/60, target=30min, phase=meeting, consecutive_meets=0, proposals_accepted=4
BRAIN 1 (User 1): Hey, had a better day at the gym today, managed 36 min, feeling more consistent, think I'm finally getting over that 30 min hump.
BRAIN 2 (ack, no model call): logged 36min vs 30min target; consecutive shortfall streak=0.
  [t=2048.8s] heartbeat — day 59/60, target=30min, phase=meeting, consecutive_meets=1, proposals_accepted=4
BRAIN 1 (User 1): Just got done with 28 min today, feeling a bit off today, maybe too much coffee this morning, but I'm not beating myself up over it, every day still counts
BRAIN 2 (ack, no model call): logged 28min vs 30min target; consecutive shortfall streak=1.
  [t=2081.7s] heartbeat — day 60/60, target=30min, phase=meeting, consecutive_meets=0, proposals_accepted=4
BRAIN 1 (User 1): Hey, just got back from the gym and I was pleasantly surprised - made it 31 minutes today, a new personal best for a weekday! Felt a lot more energized than I have in weeks, maybe the warm weather is helping.
BRAIN 2 (ack, no model call): logged 31min vs 30min target; consecutive shortfall streak=0.

=== Simulation complete after 2086.4s real time, 60 simulated day(s) ===
Final target: 30 min/day | Goal achieved: False | Profile proposals accepted: 4
