=== Brain 1 <-> Brain 2 simulation starting — 8 simulated day(s), log: /Users/sallasujitha/WorkSpace/selfie-me/Docs/DEMO/brain1_brain2_hour_20261002_210613.log ===
Brain 1 (profile): User One — intention 'Gym', target 60 min/day, domain 'fitness'.
  [t=   0.0s] heartbeat — day 1/8, target=60min, phase=struggling, consecutive_meets=0, proposals_accepted=0
BRAIN 1 (User 1): Made it 21 min on the treadmill today, feeling a bit better than I thought I would after a tough morning. Didn't quite hit 60 min, but that's what I'm telling myself, small steps.
BRAIN 2 (ack, no model call): logged 21min vs 60min target; consecutive shortfall streak=1.
  [t=  12.1s] heartbeat — day 2/8, target=60min, phase=struggling, consecutive_meets=0, proposals_accepted=0
BRAIN 1 (User 1): Ugh, just did 9 min, feeling super discouraged after yesterday's 21 min. Got to the gym on my lunch break, but just couldn't seem to get into it today. Need to get back on track, especially since the weather is supposed to be nice this weekend and I was looking forward to a longer ride.
BRAIN 2 (ack, no model call): logged 9min vs 60min target; consecutive shortfall streak=2.
  [t=  17.0s] heartbeat — day 3/8, target=60min, phase=struggling, consecutive_meets=0, proposals_accepted=0
BRAIN 1 (User 1): Not thrilled with my progress, but I did manage to squeeze in 14 min of gym time today. Still struggling to get past the initial discomfort of getting back into it.
BRAIN 2 (notices, offers support): It looks like you've been under the target of 60 minutes for fitness at the gym for the past three days, with a range of 9 to 21 minutes. What seemed to get in the way of reaching your goal each of those days?
BRAIN 2 (Profile 'fitness' v1, accepted): It seems like getting back into a routine is a bigger challenge than you anticipated. You've mentioned struggling with the initial discomfort of getting back into gym time, which might be more of a mental hurdle than a time one. One thing that might help is considering a more flexible approach to fitness, such as incorporating high-intensity interval training (HIIT), which has shown promise in achieving results in shorter sessions. Ultimately, it's not about the time spent at the gym, but about making progress and finding a rhythm that works for you.
BRAIN 1 (User 1): agrees — smaller target of 15 min/day for now.
  [t=  39.2s] heartbeat — day 4/8, target=15min, phase=renegotiated, consecutive_meets=0, proposals_accepted=1
BRAIN 1 (User 1): Tried to push through but felt tired after 14 minutes, didn't want to risk a worse workout than I already had so I called it a day, still feeling a bit guilty about not reaching the target
BRAIN 2 (ack, no model call): logged 14min vs 15min target; consecutive shortfall streak=1.
  [t=  43.1s] heartbeat — day 5/8, target=15min, phase=renegotiated, consecutive_meets=0, proposals_accepted=1
BRAIN 1 (User 1): Hey, I did it! Managed to squeeze in an 18-minute session today, which feels like a small win after the past few days. Still getting used to it, but I'm glad I didn't give up.
BRAIN 2 (ack, no model call): logged 18min vs 15min target; consecutive shortfall streak=0.
  [t=  46.6s] heartbeat — day 6/8, target=15min, phase=meeting, consecutive_meets=1, proposals_accepted=1
BRAIN 1 (User 1): Hey, had a great 18 minutes on the treadmill today, feeling good about the consistency. Definitely no issues getting under way this morning, unlike the past few days when I was really dragging my feet.
BRAIN 2 (ack, no model call): logged 18min vs 15min target; consecutive shortfall streak=0.
  [t=  50.4s] heartbeat — day 7/8, target=15min, phase=meeting, consecutive_meets=2, proposals_accepted=1
BRAIN 1 (User 1): Hey, I know I was a bit short yesterday, but today I managed to squeeze in 19 minutes and actually felt like I was getting into a rhythm, even if it was just for a few minutes. I'm starting to believe that small steps really do add up!
BRAIN 2 (ack, no model call): logged 19min vs 15min target; consecutive shortfall streak=0.
  [t=  54.4s] heartbeat — day 8/8, target=15min, phase=meeting, consecutive_meets=3, proposals_accepted=1
BRAIN 1 (User 1): Tough day at the gym today, only managed 13 minutes, was really hoping to break 15 but I think I just lost steam, not sure what happened, yesterday was a good day so maybe just a mental hangup?
BRAIN 2 (ack, no model call): logged 13min vs 15min target; consecutive shortfall streak=1.

=== Simulation complete after 58.1s real time, 8 simulated day(s) ===
Final target: 15 min/day | Goal achieved: False | Profile proposals accepted: 1
